Sep 28 23:19:12 hostname nginx: 192.168.11.1 - - [28/Sep/2016:23:19:12 +0900] "POST /widgets/widgets/gateways.widget.php HTTP/1.1" 200 200 "http://192.168.11.251/" "Mozilla/5.0 (Windows NT 10.0; WOW64) AppleWebKit/537.36 (KHTML, like Gecko) Chrome/53.0.2785.116 Safari/537.36 Kinza/3.4.0"
Sep 28 23:19:17 hostname nginx: 192.168.11.1 - - [28/Sep/2016:23:19:17 +0900] "GET /ifstats.php?if=em0 HTTP/1.1" 200 66 "http://192.168.11.251/graph.php?ifnum=wan&ifname=WAN&timeint=10&initdelay=2" "Mozilla/5.0 (Windows NT 10.0; WOW64) AppleWebKit/537.36 (KHTML, like Gecko) Chrome/53.0.2785.116 Safari/537.36 Kinza/3.4.0"
